=== /Applications Xcode installs ===
Xcode_16.0.0.app
Xcode_16.0.app
Xcode_16.1.0.app
Xcode_16.1.app
Xcode_16.2.0.app
Xcode_16.2.app
Xcode_16.3.0.app
Xcode_16.3.app
Xcode_16.4.0.app
Xcode_16.4.app
Xcode_16.app
Xcode_26.0.1.app
Xcode_26.0.app
Xcode_26.1.1.app
Xcode_26.1.app
Xcode_26.2.0.app
Xcode_26.2.app
Xcode_26.3.0.app
Xcode_26.3.app
Xcode.app
=== xcodebuild -version ===
Xcode 16.0
Build version 16A242d
=== xcodebuild -showsdks ===
DriverKit SDKs:
	DriverKit 24.0                	-sdk driverkit24.0

iOS SDKs:
	iOS 18.0                      	-sdk iphoneos18.0

iOS Simulator SDKs:
	Simulator - iOS 18.0          	-sdk iphonesimulator18.0

macOS SDKs:
	macOS 15.0                    	-sdk macosx15.0
	macOS 15.0                    	-sdk macosx15.0

tvOS SDKs:
	tvOS 18.0                     	-sdk appletvos18.0

tvOS Simulator SDKs:
	Simulator - tvOS 18.0         	-sdk appletvsimulator18.0

visionOS SDKs:
	visionOS 2.0                  	-sdk xros2.0

visionOS Simulator SDKs:
	Simulator - visionOS 2.0      	-sdk xrsimulator2.0

watchOS SDKs:
	watchOS 11.0                  	-sdk watchos11.0

watchOS Simulator SDKs:
	Simulator - watchOS 11.0      	-sdk watchsimulator11.0

=== available runtimes/platforms ===
== Runtimes ==
iOS 18.5 (18.5 - 22F77) - com.apple.CoreSimulator.SimRuntime.iOS-18-5
iOS 18.6 (18.6 - 22G86) - com.apple.CoreSimulator.SimRuntime.iOS-18-6
iOS 26.0 (26.0.1 - 23A8464) - com.apple.CoreSimulator.SimRuntime.iOS-26-0
iOS 26.1 (26.1 - 23B86) - com.apple.CoreSimulator.SimRuntime.iOS-26-1
iOS 26.2 (26.2 - 23C54) - com.apple.CoreSimulator.SimRuntime.iOS-26-2
tvOS 18.5 (18.5 - 22L572) - com.apple.CoreSimulator.SimRuntime.tvOS-18-5
tvOS 26.1 (26.1 - 23J579) - com.apple.CoreSimulator.SimRuntime.tvOS-26-1
tvOS 26.2 (26.2 - 23K51) - com.apple.CoreSimulator.SimRuntime.tvOS-26-2
watchOS 11.5 (11.5 - 22T572) - com.apple.CoreSimulator.SimRuntime.watchOS-11-5
watchOS 26.1 (26.1 - 23S36) - com.apple.CoreSimulator.SimRuntime.watchOS-26-1
watchOS 26.2 (26.2 - 23S303) - com.apple.CoreSimulator.SimRuntime.watchOS-26-2
visionOS 2.3 (2.3 - 22N895) - com.apple.CoreSimulator.SimRuntime.xrOS-2-3
visionOS 2.4 (2.4 - 22O237) - com.apple.CoreSimulator.SimRuntime.xrOS-2-4
visionOS 2.5 (2.5 - 22O473) - com.apple.CoreSimulator.SimRuntime.xrOS-2-5
visionOS 26.1 (26.1 - 23N47) - com.apple.CoreSimulator.SimRuntime.xrOS-26-1
visionOS 26.2 (26.2 - 23N301) - com.apple.CoreSimulator.SimRuntime.xrOS-26-2
